// Jest Snapshot v1, https://goo.gl/fbAQLP

exports[`snapshot 1`] = `
<div
  className="menu"
>
  <Link
    href="/"
  >
    <a
      className="option"
    >
      Preguntas frecuentes
    </a>
  </Link>
  <Button
    customStyle={
      Object {
        "default": "button",
      }
    }
    onClick={[Function]}
    text="Solicitar Sistema"
  />
</div>
`;
